[20:31:40] [info] Source   : [4mhttps://predictable-example-711391.framer.app/[24m
[20:31:40] [info] Output   : [38;2;250;178;131m/home/casz/Descargas/Sitio[39m
[20:31:40] [info] Platform : [38;2;250;178;131mFramer[39m
[20:31:40] [info] DPR      : [38;2;250;178;131m1[39m
[20:31:40] [info] Subpages : [38;2;128;128;128mdisabled (pass --subpages to crawl the whole site)[39m
[20:31:40] [log] Output directory structure created
[20:31:40] [log] Fetching SSR HTML from https://predictable-example-711391.framer.app/
[20:31:41] [ok] SSR HTML fetched (177.7 KB)
[20:31:41] [log] Launching headless Chromium...
[20:31:41] [ok] Chromium launched
[20:31:41] [log] Stealth hardening applied (Chrome 127.0.6533.88)
[20:31:41] [log] Viewport set to 1440x900 at 1x DPR
[20:31:41] [log] Blocking 8 tracking domains:
[20:31:41] [log]   - sentry.io
[20:31:41] [log]   - www.googletagmanager.com
[20:31:41] [log]   - connect.facebook.net
[20:31:41] [log]   - stats.g.doubleclick.net
[20:31:41] [log]   - google-analytics.com
[20:31:41] [log]   - events.framer.com
[20:31:41] [log]   - api.framer.com
[20:31:41] [log]   - collect.frameranalytics.com
[20:31:41] [log] Network interception enabled
[20:31:41] [info] Navigating to https://predictable-example-711391.framer.app/
[20:31:45] [ok] Page loaded (networkidle2)
[20:31:45] [log] Intercepted 19 resources, blocked 0 tracking requests, skipped 1 platform assets
[20:31:45] [log] Checking DOM-based platform detection...
[20:31:45] [log] Checking for #main element hydration...
[20:31:45] [log] Hydration timeout: 10000ms
[20:31:47] [ok] Hydration complete (SPA rendered)
[20:31:47] [log] Starting full-page scroll (step: 250px, delay: 60ms)
[20:31:47] [log] Page height: 2180px (9 scroll steps)
[20:31:48] [ok] Full-page scroll complete
[20:31:48] [log] Waiting 2s for lazy-loaded resources...
[20:31:50] [log] Checking network idle (1.5s quiet, 8s timeout)...
[20:31:58] [log] Network idle timeout reached (continuing anyway)
[20:31:58] [ok] Captured 295 network resources total
[20:31:58] [log]   CSS: 2 | JS: 277 | Images: 9 | Fonts: 5
[20:31:58] [log] Browser closed
[20:31:58] [log] Starting download of 292 unique assets
[20:31:58] [log] Concurrency: 12 parallel downloads
[20:31:58] [log] Retry policy: 3 attempts, 30000ms timeout
[20:31:58] [log] Download progress: 30/292 (10%)
[20:31:58] [log] Download progress: 59/292 (20%)
[20:31:58] [log] Download progress: 88/292 (30%)
[20:31:58] [log] Download progress: 117/292 (40%)
[20:31:58] [log] Download progress: 146/292 (50%)
[20:31:58] [log] Download progress: 176/292 (60%)
[20:31:58] [log] Download progress: 205/292 (70%)
[20:31:58] [log] Download progress: 234/292 (80%)
[20:31:58] [log] Download progress: 263/292 (90%)
[20:31:59] [log] Download progress: 292/292 (100%)
[20:31:59] [ok] Downloads complete: 292 succeeded, 291 from cache, 0 failed
[20:31:59] [log] Total unique assets written to disk: 299
[20:31:59] [log] Network buffer cache cleared
[20:32:01] [ok] Lazy-loaded chunks resolved: 8
[20:32:01] [log] Starting HTML post-processing...
[20:32:01] [log] HTML size: 177.7 KB
[20:32:01] [ok] Index HTML pipeline complete
[20:32:02] [log] Rewrote URLs in 212 JS/CSS files
[20:32:02] [ok] All URLs rewritten to local paths
[20:32:16] [ok] Formatted 282/282 JS/MJS files
[20:32:16] [log] Writing index.html (174.1 KB)...
[20:32:16] [ok] index.html written
[20:32:16] [log] serve.js written
[20:32:16] [log] package.json written for serve.js
[20:32:16] [ok] Output build complete
[20:32:16] [ok] Export complete!
